terminate called without an active exception
terminate called without an active exception
[r193:71285] *** Process received signal ***
[r193:71274] *** Process received signal ***
[r193:71285] Signal: Aborted (6)
[r193:71285] Signal code:  (-6)
[r193:71274] Signal: Aborted (6)
[r193:71274] Signal code:  (-6)
[r193:71285] [ 0] [r193:71274] [ 0] /lib64/libpthread.so.0(+0x12d10)[0x148591845d10]
[r193:71285] [ 1] /lib64/libpthread.so.0(+0x12d10)[0x148b3626fd10]
[r193:71274] [ 1] /lib64/libc.so.6(gsignal+0x10f)[0x148590cbd52f]
[r193:71285] [ 2] /lib64/libc.so.6(abort+0x127)[0x148590c90e65]
[r193:71285] [ 3] /lib64/libc.so.6(gsignal+0x10f)[0x148b356e752f]
[r193:71274] [ 2] /lib64/libc.so.6(abort+0x127)[0x148b356bae65]
[r193:71274] [ 3] /opt/packages/gcc/v13.3.1-p20240614/b2rm/lib64/libstdc++.so.6(+0xacc34)[0x148591473c34]
[r193:71285] [ 4] /opt/packages/gcc/v13.3.1-p20240614/b2rm/lib64/libstdc++.so.6(+0xbd14a)[0x14859148414a]
[r193:71285] [ 5] /opt/packages/gcc/v13.3.1-p20240614/b2rm/lib64/libstdc++.so.6(+0xacc34)[0x148b35e9dc34]
[r193:71274] [ 4] /opt/packages/gcc/v13.3.1-p20240614/b2rm/lib64/libstdc++.so.6(+0xbd1b5)[0x1485914841b5]
[r193:71285] [ 6] /opt/packages/LAMMPS/lammps-22Jul2025/build-RM-gcc13.3.1/lmp[0x4a0083]
[r193:71285] [ 7] /opt/packages/gcc/v13.3.1-p20240614/b2rm/lib64/libgomp.so.1(GOMP_parallel+0x46)[0x148593c217c6]
[r193:71285] [ 8] /opt/packages/LAMMPS/lammps-22Jul2025/build-RM-gcc13.3.1/lmp[0x130e7df]
[r193:71285] [ 9] /opt/packages/LAMMPS/lammps-22Jul2025/build-RM-gcc13.3.1/lmp[0x6b084a]
[r193:71285] [10] /opt/packages/LAMMPS/lammps-22Jul2025/build-RM-gcc13.3.1/lmp[0x62627b]
[r193:71285] [11] /opt/packages/LAMMPS/lammps-22Jul2025/build-RM-gcc13.3.1/lmp[0x4dd34d]
[r193:71285] [12] /opt/packages/LAMMPS/lammps-22Jul2025/build-RM-gcc13.3.1/lmp[0x4de03e]
[r193:71285] /opt/packages/gcc/v13.3.1-p20240614/b2rm/lib64/libstdc++.so.6(+0xbd14a)[0x148b35eae14a]
[r193:71274] [ 5] [13] /opt/packages/LAMMPS/lammps-22Jul2025/build-RM-gcc13.3.1/lmp[0x4c64ad]
[r193:71285] [14] /lib64/libc.so.6(__libc_start_main+0xe5)[0x148590ca97e5]
[r193:71285] [15] /opt/packages/LAMMPS/lammps-22Jul2025/build-RM-gcc13.3.1/lmp[0x4d0eae]
[r193:71285] *** End of error message ***
/opt/packages/gcc/v13.3.1-p20240614/b2rm/lib64/libstdc++.so.6(+0xbd1b5)[0x148b35eae1b5]
[r193:71274] [ 6] /opt/packages/LAMMPS/lammps-22Jul2025/build-RM-gcc13.3.1/lmp[0x4a0083]
[r193:71274] [ 7] /opt/packages/gcc/v13.3.1-p20240614/b2rm/lib64/libgomp.so.1(GOMP_parallel+0x46)[0x148b3864b7c6]
[r193:71274] [ 8] /opt/packages/LAMMPS/lammps-22Jul2025/build-RM-gcc13.3.1/lmp[0x130e7df]
[r193:71274] [ 9] /opt/packages/LAMMPS/lammps-22Jul2025/build-RM-gcc13.3.1/lmp[0x6b084a]
[r193:71274] [10] /opt/packages/LAMMPS/lammps-22Jul2025/build-RM-gcc13.3.1/lmp[0x62627b]
[r193:71274] [11] /opt/packages/LAMMPS/lammps-22Jul2025/build-RM-gcc13.3.1/lmp[0x4dd34d]
[r193:71274] [12] /opt/packages/LAMMPS/lammps-22Jul2025/build-RM-gcc13.3.1/lmp[0x4de03e]
[r193:71274] [13] /opt/packages/LAMMPS/lammps-22Jul2025/build-RM-gcc13.3.1/lmp[0x4c64ad]
[r193:71274] [14] /lib64/libc.so.6(__libc_start_main+0xe5)[0x148b356d37e5]
[r193:71274] [15] /opt/packages/LAMMPS/lammps-22Jul2025/build-RM-gcc13.3.1/lmp[0x4d0eae]
[r193:71274] *** End of error message ***
--------------------------------------------------------------------------
prterun noticed that process rank 1 with PID 71274 on node r193 exited on
signal 6 (Aborted).
--------------------------------------------------------------------------
