--------------------------------------------------------------------------
prterun detected that one or more processes exited with non-zero status,
thus causing the job to be terminated. The first process to do so was:

   Process name: [prterun-r042-97914@1,566]
   Exit code:    1
--------------------------------------------------------------------------
Traceback (most recent call last):
  File "/jet/home/dpollard/Documents/lammps_work/scripts/plot_lammps_log.py", line 212, in <module>
    data = parse_lammps_log(filepath)
           ^^^^^^^^^^^^^^^^^^^^^^^^^^
  File "/jet/home/dpollard/Documents/lammps_work/scripts/plot_lammps_log.py", line 41, in parse_lammps_log
    for line in f:
                ^
  File "<frozen codecs>", line 322, in decode
UnicodeDecodeError: 'utf-8' codec can't decode byte 0x86 in position 6115: invalid start byte
Traceback (most recent call last):
  File "/jet/home/dpollard/Documents/lammps_work/scripts/write_tracking.py", line 420, in <module>
    wall_time = parse_lammps_log(logfile)
                ^^^^^^^^^^^^^^^^^^^^^^^^^
  File "/jet/home/dpollard/Documents/lammps_work/scripts/write_tracking.py", line 125, in parse_lammps_log
    for line in f:
                ^
  File "<frozen codecs>", line 322, in decode
UnicodeDecodeError: 'utf-8' codec can't decode byte 0x86 in position 6115: invalid start byte
