/usr/bin/ps: /cm/shared/apps/spack/0.17.3/gpu/b/opt/spack/linux-rocky8-skylake_avx512/gcc-8.5.0/anaconda3-2021.05-kfluefzsateihlamuk2qihp56exwe7si/lib/libuuid.so.1: no version information available (required by /lib64/libblkid.so.1)
/usr/bin/ps: /cm/shared/apps/spack/0.17.3/gpu/b/opt/spack/linux-rocky8-skylake_avx512/gcc-8.5.0/anaconda3-2021.05-kfluefzsateihlamuk2qihp56exwe7si/lib/libuuid.so.1: no version information available (required by /lib64/libblkid.so.1)
./run_lammps.sh: line 103: 1569650 Illegal instruction     (core dumped) mpirun -n $SLURM_NTASKS lmp -sf omp -pk omp $SLURM_CPUS_PER_TASK -var dataname $DATANAME -var interaction $INTERACTION -var epsSS $EPSSS -var epsSP $EPSSP -var nsteps $NSTEPS -var oldsteps $OLDSTEPS -var totsteps $TOTSTEPS -in $LAMMPS_FILE
Traceback (most recent call last):
  File "<string>", line 1, in <module>
ModuleNotFoundError: No module named 'numpy'
Traceback (most recent call last):
  File "/home/dpollard/Documents/lammps_work/scripts/plot_lammps_log.py", line 2, in <module>
    import numpy as np
ModuleNotFoundError: No module named 'numpy'
Traceback (most recent call last):
  File "/home/dpollard/Documents/lammps_work/scripts/plot_stress_profiles.py", line 2, in <module>
    import numpy as np
ModuleNotFoundError: No module named 'numpy'
Traceback (most recent call last):
  File "/home/dpollard/Documents/lammps_work/scripts/plot_piston_data.py", line 6, in <module>
    import numpy as np
ModuleNotFoundError: No module named 'numpy'
Traceback (most recent call last):
  File "/home/dpollard/Documents/lammps_work/scripts/write_tracking.py", line 7, in <module>
    import numpy as np
ModuleNotFoundError: No module named 'numpy'
