--------------------------------------------------------------------------
Primary job  terminated normally, but 1 process returned
a non-zero exit code. Per user-direction, the job has been aborted.
--------------------------------------------------------------------------
--------------------------------------------------------------------------
mpirun detected that one or more processes exited with non-zero status, thus causing
the job to be terminated. The first process to do so was:

  Process name: [[31501,1],28]
  Exit code:    1
--------------------------------------------------------------------------
Traceback (most recent call last):
  File "<string>", line 1, in <module>
ModuleNotFoundError: No module named 'numpy'
Traceback (most recent call last):
  File "/home/dpollard/Documents/lammps_work/scripts/plot_lammps_log.py", line 2, in <module>
    import numpy as np
ModuleNotFoundError: No module named 'numpy'
Traceback (most recent call last):
  File "/home/dpollard/Documents/lammps_work/scripts/plot_stress_profiles.py", line 2, in <module>
    import numpy as np
ModuleNotFoundError: No module named 'numpy'
Traceback (most recent call last):
  File "/home/dpollard/Documents/lammps_work/scripts/plot_piston_data.py", line 6, in <module>
    import numpy as np
ModuleNotFoundError: No module named 'numpy'
Traceback (most recent call last):
  File "/home/dpollard/Documents/lammps_work/scripts/write_tracking.py", line 7, in <module>
    import numpy as np
ModuleNotFoundError: No module named 'numpy'
