======================================
Working directory: /jet/home/dpollard/Documents/lammps_runs/pure_solvent_solvent_box_rho6_02_1.5_1.4_20260103_180935
Trajectory directory (scratch): /ocean/projects/chm250028p/dpollard/lammps_trajectories/pure_solvent_solvent_box_rho6_02_1.5_1.4_20260103_180935
======================================
Running LAMMPS in pure_solvent with:
  dataname=solvent_box_rho6_02
  epsSS=1.5, epsSP=1.4
  nsteps=20000, oldsteps=0, totsteps=20000
SLURM tasks per node: 1
SLURM CPUs per task: 4
SLURM_GPUS_ON_NODE: 4
SLURM_JOB_GPUS: 0,1,2,3
Running with 4 GPU(s) and 4 threads per GPU
======================================
Running post-processing...
======================================
Generating convergence plot...
Generating stress profiles...
No stress data found for solvent_box_rho6_02_1.5_1.4_20000, skipping stress plots
No volume data found for solvent_box_rho6_02_1.5_1.4_20000, skipping volume fraction plots
Generating computational efficiency plot...
Mobile atoms: 8000000
======================================
Done! Results are in: /jet/home/dpollard/Documents/lammps_runs/pure_solvent_solvent_box_rho6_02_1.5_1.4_20260103_180935
======================================
